// Jest Snapshot v1, https://goo.gl/fbAQLP

exports[`1. defaults 1`] = `
"
import(\\"./a\\")

      ↓ ↓ ↓ ↓ ↓ ↓

var _report = require(\\"import-inspector\\").report;

_report(import(\\"./a\\"), {
  currentModuleFileName: \\"test.js\\",
  importedModulePath: \\"./a\\"
});
"
`;

exports[`2. all true 1`] = `
"
import(\\"./a\\")

      ↓ ↓ ↓ ↓ ↓ ↓

var _path = _interopRequireDefault(require(\\"path\\")).default;

var _report = require(\\"import-inspector\\").report;

const _start = Date.now();

function _interopRequireDefault(obj) { return obj && obj.__esModule ? obj : { default: obj }; }

_report(import(\\"./a\\"), {
  currentModuleFileName: \\"test.js\\",
  importedModulePath: \\"./a\\",
  serverSideRequirePath: _path.join(__dirname, \\"./a\\"),
  webpackRequireWeakId: () => require.resolveWeak(\\"./a\\"),
  timeToImport: _start - Date.now()
});
"
`;

exports[`3. currentModuleFileName: false 1`] = `
"
import(\\"./a\\")

      ↓ ↓ ↓ ↓ ↓ ↓

var _report = require(\\"import-inspector\\").report;

_report(import(\\"./a\\"), {
  importedModulePath: \\"./a\\"
});
"
`;

exports[`4. currentModuleFileName: true 1`] = `
"
import(\\"./a\\")

      ↓ ↓ ↓ ↓ ↓ ↓

var _report = require(\\"import-inspector\\").report;

_report(import(\\"./a\\"), {
  currentModuleFileName: \\"test.js\\",
  importedModulePath: \\"./a\\"
});
"
`;

exports[`5. importedModulePath: false 1`] = `
"
import(\\"./a\\")

      ↓ ↓ ↓ ↓ ↓ ↓

var _report = require(\\"import-inspector\\").report;

_report(import(\\"./a\\"), {
  currentModuleFileName: \\"test.js\\"
});
"
`;

exports[`6. importedModulePath: true 1`] = `
"
import(\\"./a\\")

      ↓ ↓ ↓ ↓ ↓ ↓

var _report = require(\\"import-inspector\\").report;

_report(import(\\"./a\\"), {
  currentModuleFileName: \\"test.js\\",
  importedModulePath: \\"./a\\"
});
"
`;

exports[`7. serverSideRequirePath: false 1`] = `
"
import(\\"./a\\")

      ↓ ↓ ↓ ↓ ↓ ↓

var _report = require(\\"import-inspector\\").report;

_report(import(\\"./a\\"), {
  currentModuleFileName: \\"test.js\\",
  importedModulePath: \\"./a\\"
});
"
`;

exports[`8. serverSideRequirePath: true 1`] = `
"
import(\\"./a\\")

      ↓ ↓ ↓ ↓ ↓ ↓

var _path = _interopRequireDefault(require(\\"path\\")).default;

var _report = require(\\"import-inspector\\").report;

function _interopRequireDefault(obj) { return obj && obj.__esModule ? obj : { default: obj }; }

_report(import(\\"./a\\"), {
  currentModuleFileName: \\"test.js\\",
  importedModulePath: \\"./a\\",
  serverSideRequirePath: _path.join(__dirname, \\"./a\\")
});
"
`;

exports[`9. webpackRequireWeakId: false 1`] = `
"
import(\\"./a\\")

      ↓ ↓ ↓ ↓ ↓ ↓

var _report = require(\\"import-inspector\\").report;

_report(import(\\"./a\\"), {
  currentModuleFileName: \\"test.js\\",
  importedModulePath: \\"./a\\"
});
"
`;

exports[`10. webpackRequireWeakId: true 1`] = `
"
import(\\"./a\\")

      ↓ ↓ ↓ ↓ ↓ ↓

var _report = require(\\"import-inspector\\").report;

_report(import(\\"./a\\"), {
  currentModuleFileName: \\"test.js\\",
  importedModulePath: \\"./a\\",
  webpackRequireWeakId: () => require.resolveWeak(\\"./a\\")
});
"
`;

exports[`11. timeToImport: false 1`] = `
"
import(\\"./a\\")

      ↓ ↓ ↓ ↓ ↓ ↓

var _report = require(\\"import-inspector\\").report;

_report(import(\\"./a\\"), {
  currentModuleFileName: \\"test.js\\",
  importedModulePath: \\"./a\\"
});
"
`;

exports[`12. timeToImport: true 1`] = `
"
import(\\"./a\\")

      ↓ ↓ ↓ ↓ ↓ ↓

var _report = require(\\"import-inspector\\").report;

const _start = Date.now();

_report(import(\\"./a\\"), {
  currentModuleFileName: \\"test.js\\",
  importedModulePath: \\"./a\\",
  timeToImport: _start - Date.now()
});
"
`;
